--- /host/data/test/out/git.cppcheck.MSC12-C/builtin/bugreport.c	2024-07-09 16:22:44.931574512 +0000
+++ /oss/git/builtin/bugreport.c	2024-06-22 00:27:47.000000000 +0000
@@ -118,7 +118,7 @@
 		OPT_END()
 	};
 
-	(void) parse_options(argc, argv, prefix, bugreport_options,
+	argc = parse_options(argc, argv, prefix, bugreport_options,
 			     bugreport_usage, 0);
 
 	/* Prepare the path to put the result */
