--- /host/data/test/out/builtin/write-tree.c	2024-05-30 10:01:57.368824148 +0000
+++ /oss/git/builtin/write-tree.c	2024-05-23 11:26:52.352720137 +0000
@@ -1,5 +1,3 @@
-#include "acr.h"
-
 /*
  * GIT - The information manager from hell
  *
@@ -37,7 +35,7 @@
 	};
 
 	git_config(git_default_config, NULL);
-	(void) parse_options(argc, argv, cmd_prefix, write_tree_options,
+	argc = parse_options(argc, argv, cmd_prefix, write_tree_options,
 			     write_tree_usage, 0);
 
 	ret = write_cache_as_tree(&oid, flags, tree_prefix);
