--- /host/data/test/out/git.cppcheck.MSC12-C/builtin/write-tree.c	2024-07-09 16:23:23.640720465 +0000
+++ /oss/git/builtin/write-tree.c	2024-06-22 00:27:47.000000000 +0000
@@ -35,7 +35,7 @@
 	};
 
 	git_config(git_default_config, NULL);
-	(void) parse_options(argc, argv, cmd_prefix, write_tree_options,
+	argc = parse_options(argc, argv, cmd_prefix, write_tree_options,
 			     write_tree_usage, 0);
 
 	ret = write_cache_as_tree(&oid, flags, tree_prefix);
