--- /host/data/test/out/strbuf.h	2024-01-10 16:25:50.013889587 +0000
+++ /oss/git/strbuf.h	2023-11-21 18:10:21.000000000 +0000
@@ -1,5 +1,3 @@
-#include "acr.h"
-
 #ifndef STRBUF_H
 #define STRBUF_H
 
@@ -165,7 +163,7 @@
 		BUG("strbuf_setlen() beyond buffer");
 	sb->len = len;
 	if (sb->buf != strbuf_slopbuf)
-		null_check(sb->buf)[len] = '\0';
+		sb->buf[len] = '\0';
 	else
 		assert(!strbuf_slopbuf[0]);
 }
@@ -304,7 +302,7 @@
  */
 static inline void strbuf_addstr(struct strbuf *sb, const char *s)
 {
-	strbuf_add(sb, s, strlen(null_check(s)));
+	strbuf_add(sb, s, strlen(s));
 }
 
 /**
