--- /host/data/test/out/builtin/bugreport.c	2023-11-30 01:16:42.460165162 +0000
+++ /oss/git/builtin/bugreport.c	2023-09-28 20:16:21.000000000 +0000
@@ -1,5 +1,3 @@
-#include "acr.h"
-
 #include "builtin.h"
 #include "parse-options.h"
 #include "strbuf.h"
@@ -120,7 +118,7 @@
 		OPT_END()
 	};
 
-	(void) parse_options(argc, argv, prefix, bugreport_options,
+	argc = parse_options(argc, argv, prefix, bugreport_options,
 			     bugreport_usage, 0);
 
 	/* Prepare the path to put the result */
