--- /host/data/test/out/git.cppcheck.EXP33-C/builtin/notes.c	2024-07-09 16:21:35.213480111 +0000
+++ /oss/git/builtin/notes.c	2024-06-22 00:27:47.000000000 +0000
@@ -706,7 +706,7 @@
 	struct strbuf msg = STRBUF_INIT;
 	struct object_id oid, parent_oid;
 	struct notes_tree *t;
-	struct commit *partial = NULL;
+	struct commit *partial;
 	struct pretty_print_context pretty_ctx;
 	void *local_ref_to_free;
 	int ret;
