--- /host/data/test/out/strbuf.c	2024-01-10 16:25:33.957530093 +0000
+++ /oss/git/strbuf.c	2023-11-21 18:10:21.000000000 +0000
@@ -1,5 +1,3 @@
-#include "acr.h"
-
 #include "cache.h"
 #include "refs.h"
 #include "string-list.h"
@@ -100,7 +98,7 @@
 		sb->buf = NULL;
 	ALLOC_GROW(sb->buf, sb->len + extra + 1, sb->alloc);
 	if (new_buf)
-		null_check(sb->buf)[0] = '\0';
+		sb->buf[0] = '\0';
 }
 
 void strbuf_trim(struct strbuf *sb)
