--- /host/data/test/out/git.clang-tidy.EXP33-C/ewah/ewah_io.c	2024-07-09 16:16:45.441332481 +0000
+++ /oss/git/ewah/ewah_io.c	2024-06-22 00:25:39.000000000 +0000
@@ -24,13 +24,13 @@
 		      int (*write_fun)(void *, const void *, size_t),
 		      void *data)
 {
-	size_t i = 0;
+	size_t i;
 	eword_t dump[2048];
 	const size_t words_per_dump = sizeof(dump) / sizeof(eword_t);
-	uint32_t bitsize = 0, word_count = 0, rlw_pos = 0;
+	uint32_t bitsize, word_count, rlw_pos;
 
-	const eword_t *buffer = NULL;
-	size_t words_left = 0;
+	const eword_t *buffer;
+	size_t words_left;
 
 	/* 32 bit -- bit size for the map */
 	bitsize =  htonl((uint32_t)self->bit_size);
@@ -89,8 +89,8 @@
 ssize_t ewah_read_mmap(struct ewah_bitmap *self, const void *map, size_t len)
 {
 	const uint8_t *ptr = map;
-	size_t data_len = 0;
-	size_t i = 0;
+	size_t data_len;
+	size_t i;
 
 	if (len < sizeof(uint32_t))
 		return error("corrupt ewah bitmap: eof before bit size");
