--- /host/data/test/out/src/3rdparty/patricia.c	2024-05-28 16:16:02.226712486 +0000
+++ /oss/zeek/src/3rdparty/patricia.c	2024-04-25 15:49:48.000000000 +0000
@@ -1,5 +1,3 @@
-#include "acr.h"
-
 /*
  * $Id: patricia.c,v 1.7 2005/12/07 20:46:41 dplonka Exp $
  * Dave Plonka <plonka@doit.wisc.edu>
@@ -378,7 +376,7 @@
   if (patricia == NULL)
     out_of_memory("patricia/new_patricia: unable to allocate memory");
 
-  null_check(patricia)->maxbits = maxbits;
+  patricia->maxbits = maxbits;
   patricia->head = NULL;
   patricia->num_active_node = 0;
   assert(maxbits <= PATRICIA_MAXBITS); /* XXX */
@@ -567,7 +565,7 @@
   addr = prefix_touchar(prefix);
   bitlen = prefix->bitlen;
 
-  while (null_check(node, return 0)->bit < bitlen) {
+  while (node->bit < bitlen) {
 
     if (node->prefix) {
 #ifdef PATRICIA_DEBUG
@@ -664,7 +662,7 @@
   addr = prefix_touchar(prefix);
   bitlen = prefix->bitlen;
 
-  while (null_check(node)->bit < bitlen) {
+  while (node->bit < bitlen) {
 
     if (node->prefix) {
 #ifdef PATRICIA_DEBUG
@@ -754,10 +752,10 @@
     node = calloc(1, sizeof *node);
     if (node == NULL)
       out_of_memory("patricia/patricia_lookup: unable to allocate memory");
-    null_check(node)->bit = prefix->bitlen;
+    node->bit = prefix->bitlen;
     node->prefix = Ref_Prefix(prefix);
     node->parent = NULL;
-    null_check(node)->l = node->r = NULL;
+    node->l = node->r = NULL;
     node->data = NULL;
     patricia->head = node;
 #ifdef PATRICIA_DEBUG
@@ -866,10 +864,10 @@
   new_node = calloc(1, sizeof *new_node);
   if (new_node == NULL)
     out_of_memory("patricia/patricia_lookup: unable to allocate memory");
-  null_check(new_node)->bit = prefix->bitlen;
+  new_node->bit = prefix->bitlen;
   new_node->prefix = Ref_Prefix(prefix);
   new_node->parent = NULL;
-  null_check(new_node)->l = new_node->r = NULL;
+  new_node->l = new_node->r = NULL;
   new_node->data = NULL;
   patricia->num_active_node++;
 
@@ -915,9 +913,9 @@
     glue = calloc(1, sizeof *glue);
     if (glue == NULL)
       out_of_memory("patricia/patricia_lookup: unable to allocate memory");
-    null_check(glue)->bit = differ_bit;
+    glue->bit = differ_bit;
     glue->prefix = NULL;
-    null_check(glue)->parent = node->parent;
+    glue->parent = node->parent;
     glue->data = NULL;
     patricia->num_active_node++;
     if (differ_bit < patricia->maxbits &&
