--- /host/data/test/out/zeek.cppcheck.EXP33-C/src/DbgWatch.cc	2024-07-09 16:35:09.716311655 +0000
+++ /oss/zeek/src/DbgWatch.cc	2024-06-22 00:26:19.000000000 +0000
@@ -17,7 +17,7 @@
 	}
 
 DbgWatch::DbgWatch(Expr* expr_to_watch)
-	 : var{} {
+	{
 	reporter->InternalError("DbgWatch unimplemented");
 	}
 
