--- /host/data/test/out/zeek.cppcheck.MSC12-C/build/auxil/spicy/spicy/3rdparty/justrx/justrx/autogen/re-scan.c	2024-07-09 16:40:59.265539630 +0000
+++ /oss/zeek/build/auxil/spicy/spicy/3rdparty/justrx/justrx/autogen/re-scan.c	2024-06-22 00:28:48.000000000 +0000
@@ -2297,7 +2297,7 @@
 
     /* Destroy the main struct (reentrant only). */
     yyfree ( yyscanner , yyscanner );
-    (void) NULL;
+    yyscanner = NULL;
     return 0;
 }
 
