--- /host/data/test/out/zeek.cppcheck.MSC12-C/auxil/c-ares/src/lib/ares_parse_caa_reply.c	2024-07-09 16:40:15.856401711 +0000
+++ /oss/zeek/auxil/c-ares/src/lib/ares_parse_caa_reply.c	2024-06-22 00:26:59.000000000 +0000
@@ -132,7 +132,7 @@
             }
           caa_curr->critical = (int)*strptr++;
           caa_curr->plength = (int)*strptr++;
-          if (caa_curr->plength == 0 || (int)caa_curr->plength >= rr_len - 2)
+          if (caa_curr->plength <= 0 || (int)caa_curr->plength >= rr_len - 2)
             {
               status = ARES_EBADRESP;
               break;
@@ -149,7 +149,7 @@
           strptr += caa_curr->plength;
 
           caa_curr->length = rr_len - caa_curr->plength - 2;
-          if (caa_curr->length == 0)
+          if (caa_curr->length <= 0)
             {
               status = ARES_EBADRESP;
               break;
