--- /host/data/test/out/src/3rdparty/sqlite3.c	2024-03-15 12:42:04.176510998 +0000
+++ /oss/zeek/src/3rdparty/sqlite3.c	2024-03-05 20:45:26.620563279 +0000
@@ -1,5 +1,3 @@
-#include "acr.h"
-
 /******************************************************************************
 ** This file is an amalgamation of many separate C source files from SQLite
 ** version 3.38.4.  By combining all the individual C code files into this
@@ -24515,7 +24513,7 @@
 }
 SQLITE_PRIVATE int sqlite3OsWrite(sqlite3_file *id, const void *pBuf, int amt, i64 offset){
   DO_OS_MALLOC_TEST(id);
-  return null_check(id)->pMethods->xWrite(id, pBuf, amt, offset);
+  return id->pMethods->xWrite(id, pBuf, amt, offset);
 }
 SQLITE_PRIVATE int sqlite3OsTruncate(sqlite3_file *id, i64 size){
   return id->pMethods->xTruncate(id, size);
@@ -24526,7 +24524,7 @@
 }
 SQLITE_PRIVATE int sqlite3OsFileSize(sqlite3_file *id, i64 *pSize){
   DO_OS_MALLOC_TEST(id);
-  return null_check(id)->pMethods->xFileSize(id, pSize);
+  return id->pMethods->xFileSize(id, pSize);
 }
 SQLITE_PRIVATE int sqlite3OsLock(sqlite3_file *id, int lockType){
   DO_OS_MALLOC_TEST(id);
@@ -30461,7 +30459,7 @@
 static void SQLITE_NOINLINE enlargeAndAppend(StrAccum *p, const char *z, int N){
   N = sqlite3StrAccumEnlarge(p, N);
   if( N>0 ){
-    memcpy(&p->zText[p->nChar], null_check(z), N);
+    memcpy(&p->zText[p->nChar], z, N);
     p->nChar += N;
   }
 }
@@ -60777,7 +60775,7 @@
       pPager->eState = PAGER_OPEN;
     }
   }else{
-    *null_check(pbOpen) = 1;
+    *pbOpen = 1;
   }
 
   return rc;
@@ -62632,7 +62630,7 @@
 
   *paRight = aLeft;
   *pnRight = iOut;
-  memcpy(null_check(aLeft), aTmp, sizeof(aTmp[0])*iOut);
+  memcpy(aLeft, aTmp, sizeof(aTmp[0])*iOut);
 }
 
 /*
@@ -72850,7 +72848,7 @@
     *pnSize = n;
     assert( nSrc<=nPayload );
     testcase( nSrc<nPayload );
-    memcpy(pPayload, null_check(pSrc, return 0), nSrc);
+    memcpy(pPayload, pSrc, nSrc);
     memset(pPayload+nSrc, 0, nPayload-nSrc);
     return SQLITE_OK;
   }
@@ -72908,7 +72906,7 @@
             || sqlite3PagerIswriteable(pPage->pDbPage) );
 
     if( nSrc>=n ){
-      memcpy(pPayload, null_check(pSrc, return 0), n);
+      memcpy(pPayload, pSrc, n);
     }else if( nSrc>0 ){
       n = nSrc;
       memcpy(pPayload, pSrc, n);
@@ -74894,7 +74892,7 @@
       if( rc ) return rc;
       iAmt = nData;
     }
-    if( memcmp(pDest, null_check(((u8*)pX->pData) + iOffset), iAmt)!=0 ){
+    if( memcmp(pDest, ((u8*)pX->pData) + iOffset, iAmt)!=0 ){
       int rc = sqlite3PagerWrite(pPage->pDbPage);
       if( rc ) return rc;
       /* In a corrupt database, it is possible for the source and destination
@@ -77063,7 +77061,7 @@
 ** Return true if the Btree passed as the only argument is sharable.
 */
 SQLITE_PRIVATE int sqlite3BtreeSharable(Btree *p){
-  return null_check(p)->sharable;
+  return p->sharable;
 }
 
 /*
@@ -79081,7 +79079,7 @@
   if( SQLITE_OK==(rc = sqlite3VdbeMemClearAndResize(pMem, amt+1)) ){
     rc = sqlite3BtreePayload(pCur, offset, amt, pMem->z);
     if( rc==SQLITE_OK ){
-      null_check(pMem->z)[amt] = 0;   /* Overrun area used when reading malformed records */
+      pMem->z[amt] = 0;   /* Overrun area used when reading malformed records */
       pMem->flags = MEM_Blob;
       pMem->n = (int)amt;
     }else{
@@ -98270,7 +98268,7 @@
       assert( pTask->list.pList==0 );
       assert( pTask->list.aMemory==0 || pSorter->list.aMemory!=0 );
 
-      aMem = null_check(pTask)->list.aMemory;
+      aMem = pTask->list.aMemory;
       pCtx = (void*)pTask;
       pSorter->iPrev = (u8)(pTask - pSorter->aTask);
       pTask->list = pSorter->list;
@@ -99843,7 +99841,7 @@
   do {
     int iSpace = p->nChunkSize - iChunkOffset;
     int nCopy = MIN(nRead, (p->nChunkSize - iChunkOffset));
-    memcpy(zOut, null_check((u8*)pChunk->zChunk + iChunkOffset), nCopy);
+    memcpy(zOut, (u8*)pChunk->zChunk + iChunkOffset, nCopy);
     zOut += nCopy;
     nRead -= iSpace;
     iChunkOffset = 0;
@@ -99970,7 +99968,7 @@
         }
 
         assert( pChunk!=0 );
-        memcpy(null_check((u8*)pChunk->zChunk + iChunkOffset), zWrite, iSpace);
+        memcpy((u8*)pChunk->zChunk + iChunkOffset, zWrite, iSpace);
         zWrite += iSpace;
         nWrite -= iSpace;
         p->endpoint.iOffset += iSpace;
@@ -118344,7 +118342,7 @@
       */
       assert( pName!=0 || pStart==0 );
       if( pStart ){
-        int n = (int)(pParse->sLastToken.z - null_check(pName)->z) + pParse->sLastToken.n;
+        int n = (int)(pParse->sLastToken.z - pName->z) + pParse->sLastToken.n;
         if( pName->z[n-1]==';' ) n--;
         /* A named index with an explicit CREATE INDEX statement */
         zStmt = sqlite3MPrintf(db, "CREATE%s INDEX %.*s",
@@ -155692,7 +155690,7 @@
           pIdxInfo->idxStr = 0;
           pIdxInfo->needToFreeIdxStr = 0;
         }
-        *null_check(pbRetryLimit, return 0) = 1;
+        *pbRetryLimit = 1;
         return SQLITE_OK;
       }
     }
@@ -157978,7 +157976,7 @@
 ** sqlite3WhereBegin() for additional information.
 */
 SQLITE_PRIVATE void sqlite3WhereEnd(WhereInfo *pWInfo){
-  Parse *pParse = null_check(pWInfo)->pParse;
+  Parse *pParse = pWInfo->pParse;
   Vdbe *v = pParse->pVdbe;
   int i;
   WhereLevel *pLevel;
