--- /host/data/test/out/zeek.cppcheck.EXP33-C/auxil/broker/include/broker/network_info.hh	2024-07-03 17:45:04.933794347 +0000
+++ /oss/zeek/auxil/broker/include/broker/network_info.hh	2024-06-22 00:26:49.000000000 +0000
@@ -1,5 +1,3 @@
-#include "acr.h"
-
 #pragma once
 
 #include <cstdint>
@@ -18,7 +16,7 @@
                timeout::seconds retry = timeout::seconds());
 
   std::string address;
-  uint16_t port = {};
+  uint16_t port;
   timeout::seconds retry;
   bool has_retry_time() const noexcept {
     return retry.count() != 0;
