--- /host/data/test/out/zeek.cppcheck.EXP33-C/src/Type.h	2024-07-09 16:37:43.648395549 +0000
+++ /oss/zeek/src/Type.h	2024-06-22 00:26:19.000000000 +0000
@@ -312,10 +312,10 @@
 	void SetError();
 
 private:
-	TypeTag tag = {};
-	InternalTypeTag internal_tag = {};
-	bool is_network_order = {};
-	bool base_type = {};
+	TypeTag tag;
+	InternalTypeTag internal_tag;
+	bool is_network_order;
+	bool base_type;
 	std::string name;
 
 	static TypeAliasMap type_aliases;
@@ -719,10 +719,10 @@
 	std::vector<bool> managed_fields;
 
 	// Number of fields in the type.
-	int num_fields = {};
+	int num_fields;
 
 	// Number of fields in the type when originally declared.
-	int num_orig_fields = {};
+	int num_orig_fields;
 
 	type_decl_list* types;
 	std::set<std::string> field_ids;
